// Jest Snapshot v1, https://goo.gl/fbAQLP

exports[`Pruebas al componente Raiz Deebe mostrar algo 1`] = `
<div>
  <h1>
    Formik Tutorial
  </h1>
  <form
    onSubmit={[Function]}
  >
    <label
      htmlFor="firstName"
    >
      FirstName
    </label>
    <input
      id="firstName"
      name="firstName"
      onBlur={[Function]}
      onChange={[Function]}
      type="text"
      value=""
    />
    <label
      htmlFor="lastName"
    >
      LastName
    </label>
    <input
      id="lastName"
      name="lastName"
      onBlur={[Function]}
      onChange={[Function]}
      type="text"
      value=""
    />
    <label
      htmlFor="email"
    >
      Email
    </label>
    <input
      id="email"
      name="email"
      onBlur={[Function]}
      onChange={[Function]}
      type="text"
      value=""
    />
    <button
      type="submit"
    >
      Iniciar Sesi√≥n
    </button>
  </form>
</div>
`;
